error[E0432]: unresolved import `self::asynchronous`
  --> $DIR/01-sync_only.rs:12:15
   |
12 |     use self::asynchronous::my_fn;
   |               ^^^^^^^^^^^^ maybe a missing crate `asynchronous`?
